// Jest Snapshot v1, https://goo.gl/fbAQLP

exports[`should render header correctly 1`] = `
ShallowWrapper {
  "length": 1,
  Symbol(enzyme.__root__): [Circular],
  Symbol(enzyme.__unrendered__): <Header />,
  Symbol(enzyme.__renderer__): Object {
    "batchedUpdates": [Function],
    "getNode": [Function],
    "render": [Function],
    "simulateEvent": [Function],
    "unmount": [Function],
  },
  Symbol(enzyme.__node__): Object {
    "instance": null,
    "key": undefined,
    "nodeType": "host",
    "props": Object {
      "children": Array [
        <h1>
          Expensify
</h1>,
        <Unknown
          activeClassName="is-active"
          exact={true}
          to="/"
>
          Dashboard
</Unknown>,
        <Unknown
          activeClassName="is-active"
          to="/create"
>
          Create Page
</Unknown>,
      ],
    },
    "ref": null,
    "rendered": Array [
      Object {
        "instance": null,
        "key": undefined,
        "nodeType": "host",
        "props": Object {
          "children": "Expensify",
        },
        "ref": null,
        "rendered": "Expensify",
        "type": "h1",
      },
      Object {
        "instance": null,
        "key": undefined,
        "nodeType": "function",
        "props": Object {
          "activeClassName": "is-active",
          "children": "Dashboard",
          "exact": true,
          "to": "/",
        },
        "ref": null,
        "rendered": "Dashboard",
        "type": Object {
          "$$typeof": Symbol(react.forward_ref),
          "propTypes": Object {
            "activeClassName": [Function],
            "activeStyle": [Function],
            "aria-current": [Function],
            "className": [Function],
            "exact": [Function],
            "innerRef": [Function],
            "isActive": [Function],
            "location": [Function],
            "onClick": [Function],
            "replace": [Function],
            "sensitive": [Function],
            "strict": [Function],
            "style": [Function],
            "target": [Function],
            "to": [Function],
          },
          "render": [Function],
        },
      },
      Object {
        "instance": null,
        "key": undefined,
        "nodeType": "function",
        "props": Object {
          "activeClassName": "is-active",
          "children": "Create Page",
          "to": "/create",
        },
        "ref": null,
        "rendered": "Create Page",
        "type": Object {
          "$$typeof": Symbol(react.forward_ref),
          "propTypes": Object {
            "activeClassName": [Function],
            "activeStyle": [Function],
            "aria-current": [Function],
            "className": [Function],
            "exact": [Function],
            "innerRef": [Function],
            "isActive": [Function],
            "location": [Function],
            "onClick": [Function],
            "replace": [Function],
            "sensitive": [Function],
            "strict": [Function],
            "style": [Function],
            "target": [Function],
            "to": [Function],
          },
          "render": [Function],
        },
      },
    ],
    "type": "header",
  },
  Symbol(enzyme.__nodes__): Array [
    Object {
      "instance": null,
      "key": undefined,
      "nodeType": "host",
      "props": Object {
        "children": Array [
          <h1>
            Expensify
</h1>,
          <Unknown
            activeClassName="is-active"
            exact={true}
            to="/"
>
            Dashboard
</Unknown>,
          <Unknown
            activeClassName="is-active"
            to="/create"
>
            Create Page
</Unknown>,
        ],
      },
      "ref": null,
      "rendered": Array [
        Object {
          "instance": null,
          "key": undefined,
          "nodeType": "host",
          "props": Object {
            "children": "Expensify",
          },
          "ref": null,
          "rendered": "Expensify",
          "type": "h1",
        },
        Object {
          "instance": null,
          "key": undefined,
          "nodeType": "function",
          "props": Object {
            "activeClassName": "is-active",
            "children": "Dashboard",
            "exact": true,
            "to": "/",
          },
          "ref": null,
          "rendered": "Dashboard",
          "type": Object {
            "$$typeof": Symbol(react.forward_ref),
            "propTypes": Object {
              "activeClassName": [Function],
              "activeStyle": [Function],
              "aria-current": [Function],
              "className": [Function],
              "exact": [Function],
              "innerRef": [Function],
              "isActive": [Function],
              "location": [Function],
              "onClick": [Function],
              "replace": [Function],
              "sensitive": [Function],
              "strict": [Function],
              "style": [Function],
              "target": [Function],
              "to": [Function],
            },
            "render": [Function],
          },
        },
        Object {
          "instance": null,
          "key": undefined,
          "nodeType": "function",
          "props": Object {
            "activeClassName": "is-active",
            "children": "Create Page",
            "to": "/create",
          },
          "ref": null,
          "rendered": "Create Page",
          "type": Object {
            "$$typeof": Symbol(react.forward_ref),
            "propTypes": Object {
              "activeClassName": [Function],
              "activeStyle": [Function],
              "aria-current": [Function],
              "className": [Function],
              "exact": [Function],
              "innerRef": [Function],
              "isActive": [Function],
              "location": [Function],
              "onClick": [Function],
              "replace": [Function],
              "sensitive": [Function],
              "strict": [Function],
              "style": [Function],
              "target": [Function],
              "to": [Function],
            },
            "render": [Function],
          },
        },
      ],
      "type": "header",
    },
  ],
  Symbol(enzyme.__options__): Object {
    "adapter": ReactSixteenAdapter {
      "options": Object {
        "enableComponentDidUpdateOnSetState": true,
      },
    },
  },
}
`;
